[renkin] rank=0 status=completed route_found=True
[renkin] rank=1 status=completed route_found=False
[renkin] rank=2 status=completed route_found=True
[renkin] rank=3 status=completed route_found=False
[renkin] rank=4 status=completed route_found=True
[renkin] rank=5 status=completed route_found=True
[renkin] rank=6 status=completed route_found=False
[renkin] rank=7 status=completed route_found=True
[renkin] rank=8 status=completed route_found=False
[renkin] rank=9 status=completed route_found=False
[renkin] rank=10 status=timeout route_found=None
[renkin] rank=11 status=timeout route_found=None
[renkin] rank=12 status=completed route_found=True
[renkin] rank=13 status=completed route_found=False
[renkin] rank=14 status=completed route_found=False
[renkin] rank=15 status=completed route_found=False
[renkin] rank=16 status=completed route_found=False
[renkin] rank=17 status=completed route_found=True
[renkin] rank=18 status=completed route_found=False
[renkin] rank=19 status=completed route_found=True
[renkin] rank=20 status=completed route_found=True
[renkin] rank=21 status=completed route_found=True
[renkin] rank=22 status=completed route_found=False
[renkin] rank=23 status=completed route_found=True
[renkin] rank=24 status=completed route_found=True
[renkin] rank=25 status=completed route_found=True
[renkin] rank=26 status=completed route_found=False
[renkin] rank=27 status=completed route_found=True
[renkin] rank=28 status=completed route_found=False
{
  "best_route_depth_distribution": {
    "denominator_kind": "route_found_runs",
    "max": 5,
    "n": 14,
    "p50": 2,
    "p95": 5
  },
  "best_route_leaf_count_distribution": {
    "denominator_kind": "parseable_routes",
    "max": 6,
    "n": 13,
    "p50": 3,
    "p95": 6
  },
  "best_route_step_count_distribution": {
    "denominator_kind": "route_found_runs",
    "max": 5,
    "n": 14,
    "p50": 2,
    "p95": 5
  },
  "common_structural_warning_rate": {
    "denominator_kind": "all_sampled",
    "n_denominator": 29,
    "n_numerator": 12,
    "value": 0.41379310344827586
  },
  "comparison_mode": "shared_stock",
  "crash_rate": {
    "denominator_kind": "all_sampled",
    "n_denominator": 29,
    "n_numerator": 0,
    "value": 0.0
  },
  "invalid_input_rate": {
    "denominator_kind": "all_sampled",
    "n_denominator": 29,
    "n_numerator": 0,
    "value": 0.0
  },
  "n_all_sampled": 29,
  "new_rows_this_invocation": 21,
  "peak_rss_bytes_percentiles": {
    "denominator_kind": "measured_runs",
    "max": 37011456,
    "n": 27,
    "p50": 15204352,
    "p95": 31326208
  },
  "reaction_steps_parseable_rate": {
    "denominator_kind": "parseable_routes",
    "n_denominator": 13,
    "n_numerator": 13,
    "value": 1.0
  },
  "route_found_but_tree_not_parseable_count": 1,
  "route_found_rate": {
    "denominator_kind": "all_sampled",
    "n_denominator": 29,
    "n_numerator": 14,
    "value": 0.4827586206896552
  },
  "route_to_configured_stock_rate": {
    "denominator_kind": "all_sampled",
    "n_denominator": 29,
    "n_numerator": 13,
    "value": 0.4482758620689655
  },
  "route_tree_parseable_rate": {
    "denominator_kind": "route_found_runs",
    "n_denominator": 14,
    "n_numerator": 13,
    "value": 0.9285714285714286
  },
  "setup_error_rate": {
    "denominator_kind": "all_sampled",
    "n_denominator": 29,
    "n_numerator": 0,
    "value": 0.0
  },
  "solved_only_total_elapsed_ms_percentiles": {
    "denominator_kind": "route_found_runs",
    "max": 143416.13908298314,
    "n": 14,
    "p50": 13112.920707993908,
    "p95": 143416.13908298314
  },
  "target_elements_accounted_route_rate": {
    "denominator_kind": "all_sampled",
    "n_denominator": 29,
    "n_numerator": 2,
    "value": 0.06896551724137931
  },
  "time_to_first_route_ms_percentiles": {
    "denominator_kind": "route_found_runs",
    "max": null,
    "n": 0,
    "p50": null,
    "p90": null,
    "p95": null,
    "p99": null
  },
  "timeout_rate": {
    "denominator_kind": "all_sampled",
    "n_denominator": 29,
    "n_numerator": 2,
    "value": 0.06896551724137931
  },
  "tool": "renkin",
  "total_elapsed_ms_percentiles": {
    "denominator_kind": "measured_runs",
    "max": 600010.8564169786,
    "n": 29,
    "p50": 54467.60187501786,
    "p95": 600009.2867920175
  },
  "total_rows_in_file": 29,
  "wall_clock_total_sweep_s": 3529.156588917016
}
